- Load subgraph from subgraph.yaml
âœ– Failed to load subgraph from subgraph.yaml: Failed to load subgraph: Error in subgraph.yaml:

  Path: dataSources > 0 > mapping
  Mapping has no blockHandler, transactionHandlers or eventHandlers.
  At least one such handler must be defined.
